
/* Generic Signature Changes */
Func _DropFirstSequence.dropFirst(_:) has generic signature change from <τ_0_0 where τ_0_0 : IteratorProtocol> to <τ_0_0 where τ_0_0 : Sequence>
Func _DropFirstSequence.makeIterator() has generic signature change from <τ_0_0 where τ_0_0 : IteratorProtocol> to <τ_0_0 where τ_0_0 : Sequence>
Func _PrefixSequence.makeIterator() has generic signature change from <τ_0_0 where τ_0_0 : IteratorProtocol> to <τ_0_0 where τ_0_0 : Sequence>
Func _PrefixSequence.prefix(_:) has generic signature change from <τ_0_0 where τ_0_0 : IteratorProtocol> to <τ_0_0 where τ_0_0 : Sequence>
Struct _DropFirstSequence has generic signature change from <τ_0_0 where τ_0_0 : IteratorProtocol> to <τ_0_0 where τ_0_0 : Sequence>
Struct _PrefixSequence has generic signature change from <τ_0_0 where τ_0_0 : IteratorProtocol> to <τ_0_0 where τ_0_0 : Sequence>

/* RawRepresentable Changes */

/* Removed Decls */
Constructor _DropFirstSequence.init(_iterator:limit:dropped:) has been removed
Constructor _PrefixSequence.init(_iterator:maxLength:taken:) has been removed
Func Collection.prefix(through:) has been removed
Func Collection.prefix(upTo:) has been removed
Func Collection.suffix(from:) has been removed
Func Sequence.filter(_:) has been removed
Func Sequence.forEach(_:) has been removed
Func Sequence.map(_:) has been removed
Func _DropFirstSequence.next() has been removed
Func _PrefixSequence.next() has been removed
Func _SequenceWrapper.filter(_:) has been removed
Func _SequenceWrapper.forEach(_:) has been removed
Func _SequenceWrapper.map(_:) has been removed
Var AnyBidirectionalCollection.first has been removed
Var AnyBidirectionalCollection.last has been removed
Var AnyCollection.first has been removed
Var AnyRandomAccessCollection.first has been removed
Var AnyRandomAccessCollection.last has been removed
Var BidirectionalCollection.last has been removed
Var Dictionary.first has been removed
Var LazyCollection.first has been removed
Var LazyCollection.last has been removed
Var LazyMapCollection.first has been removed
Var LazyMapCollection.last has been removed
Var Set.first has been removed
Var _AnyBidirectionalCollectionBox._last has been removed
Var _AnyCollectionBox._first has been removed
Var _BidirectionalCollectionBox._first has been removed
Var _BidirectionalCollectionBox._last has been removed
Var _CollectionBox._first has been removed
Var _DropFirstSequence._dropped has been removed
Var _DropFirstSequence._iterator has been removed
Var _PrefixSequence._iterator has been removed
Var _PrefixSequence._taken has been removed
Var _RandomAccessCollectionBox._first has been removed
Var _RandomAccessCollectionBox._last has been removed

/* Moved Decls */
Struct _DropFirstSequence has been renamed to Struct DropFirstSequence
Struct _PrefixSequence has been renamed to Struct PrefixSequence

/* Renamed Decls */

/* Type Changes */
Func _DropFirstSequence.makeIterator() has return type change from _DropFirstSequence<τ_0_0> to τ_0_0.Iterator
Func _PrefixSequence.makeIterator() has return type change from _PrefixSequence<τ_0_0> to PrefixSequence<τ_0_0>.Iterator
Var DropFirstSequence._base is added to a non-resilient type
Var PrefixSequence._base is added to a non-resilient type
Var _PrefixSequence._maxLength in a non-resilient type changes position from 0 to 1

/* Decl Attribute changes */

/* Protocol Requirement Changes */
Struct _DropFirstSequence has removed conformance to IteratorProtocol
Struct _PrefixSequence has removed conformance to IteratorProtocol
